<?xml version="1.0" encoding="utf-8"?><testsuites><testsuite errors="0" failures="0" hostname="Parvati" name="pytest" skipped="0" tests="3" time="0.047" timestamp="2020-03-22T16:34:39.009240"><testcase classname="test_file.TestStringMethods" file="test_file.py" line="7" name="test_isupper" time="0.003"></testcase><testcase classname="test_file.TestStringMethods" file="test_file.py" line="11" name="test_split" time="0.001"></testcase><testcase classname="test_file.TestStringMethods" file="test_file.py" line="4" name="test_upper" time="0.001"></testcase></testsuite></testsuites>